Archive member included because of file (symbol)

/usr/lib/gcc/msp430/4.6.3/libgcc.a(_mulsi3.o)
                              build/meeting/buzzer.o (__mulsi3)
/usr/lib/gcc/msp430/4.6.3/libgcc.a(_udivmod16.o)
                              build/machine/timer.o (__udivhi3)
/usr/lib/gcc/msp430/4.6.3/libgcc.a(_udivmod32.o)
                              build/machine/timer.o (__udivsi3)
/usr/lib/gcc/msp430/4.6.3/libgcc.a(_divmod32.o)
                              build/machine/lcd.o (__divsi3)
/usr/lib/gcc/msp430/4.6.3/../../../../msp430/lib/libc.a(memcmp.o)
                              build/machine/simpliciti/nwk/nwk.o (memcmp)
/usr/lib/gcc/msp430/4.6.3/../../../../msp430/lib/libc.a(memcpy.o)
                              build/machine/simpliciti/mrfi/mrfi.o (memcpy)
/usr/lib/gcc/msp430/4.6.3/../../../../msp430/lib/libc.a(memmove.o)
                              build/machine/simpliciti/nwk/nwk.o (memmove)
/usr/lib/gcc/msp430/4.6.3/../../../../msp430/lib/libc.a(memset.o)
                              build/machine/simpliciti/mrfi/mrfi.o (memset)
/usr/lib/gcc/msp430/4.6.3/libcrt0.a(_reset_vector__.o)
                              /usr/lib/gcc/msp430/4.6.3/crt0ivtbl64.o (_reset_vector__)
/usr/lib/gcc/msp430/4.6.3/libcrt0.a(__watchdog_support.o)
                              /usr/lib/gcc/msp430/4.6.3/libcrt0.a(_reset_vector__.o) (__watchdog_support)
/usr/lib/gcc/msp430/4.6.3/libcrt0.a(__init_stack.o)
                              /usr/lib/gcc/msp430/4.6.3/libcrt0.a(_reset_vector__.o) (__init_stack)
/usr/lib/gcc/msp430/4.6.3/libcrt0.a(__low_level_init.o)
                              /usr/lib/gcc/msp430/4.6.3/libcrt0.a(_reset_vector__.o) (__low_level_init)
/usr/lib/gcc/msp430/4.6.3/libcrt0.a(_copy_data.o)
                              /usr/lib/gcc/msp430/4.6.3/libcrt0.a(_reset_vector__.o) (__do_copy_data)
/usr/lib/gcc/msp430/4.6.3/libcrt0.a(_clear_bss.o)
                              /usr/lib/gcc/msp430/4.6.3/libcrt0.a(_reset_vector__.o) (__do_clear_bss)
/usr/lib/gcc/msp430/4.6.3/libcrt0.a(__stop_progExec__.o)
                              /usr/lib/gcc/msp430/4.6.3/libcrt0.a(_reset_vector__.o) (__stop_progExec__)
/usr/lib/gcc/msp430/4.6.3/libcrt0.a(_endless_loop__.o)
                              /usr/lib/gcc/msp430/4.6.3/libcrt0.a(_reset_vector__.o) (_endless_loop__)
/usr/lib/gcc/msp430/4.6.3/libcrt0.a(_unexpected_.o)
                              /usr/lib/gcc/msp430/4.6.3/crt0ivtbl64.o (_unexpected_)
/usr/lib/gcc/msp430/4.6.3/libcrt0.a(_ctors430.o)
                              build/device/panic.o (__do_global_ctors)
/usr/lib/gcc/msp430/4.6.3/libcrt0.a(_dtors430.o)
                              build/syscall/guarded_radio.o (__do_global_dtors)

Allocating common symbols
Common symbol       size              file

guard variable for ActivateRadio::aspectof()::__instance
                    0x8               build/machine/radio.o
ActivateRadio::aspectof()::__instance
                    0x2               build/machine/radio.o

Discarded input sections

 .data          0x0000000000000000        0x0 /usr/lib/gcc/msp430/4.6.3/crt0ivtbl64.o
 .bss           0x0000000000000000        0x0 /usr/lib/gcc/msp430/4.6.3/crt0ivtbl64.o
 .text.crt0     0x0000000000000000        0x0 /usr/lib/gcc/msp430/4.6.3/crt0ivtbl64.o
 .text          0x0000000000000000        0x0 build/device/panic.o
 .data          0x0000000000000000        0x0 build/device/panic.o
 .text._ZN5Panic10panic_hookEj
                0x0000000000000000        0x2 build/device/panic.o
 .text          0x0000000000000000        0x0 build/device/plugbox.o
 .data          0x0000000000000000        0x0 build/device/plugbox.o
 .text          0x0000000000000000        0x0 build/device/watch.o
 .data          0x0000000000000000        0x0 build/device/watch.o
 .bss           0x0000000000000000        0x0 build/device/watch.o
 .text          0x0000000000000000        0x0 build/guard/guard.o
 .data          0x0000000000000000        0x0 build/guard/guard.o
 .text._ZN5GuardC2Ev
                0x0000000000000000       0x12 build/guard/guard.o
 .text          0x0000000000000000        0x0 build/guard/guardian.o
 .data          0x0000000000000000        0x0 build/guard/guardian.o
 .bss           0x0000000000000000        0x0 build/guard/guardian.o
 .text          0x0000000000000000        0x0 build/machine/buttons.o
 .data          0x0000000000000000        0x0 build/machine/buttons.o
 .bss           0x0000000000000000        0x2 build/machine/buttons.o
 .text._ZN7Buttons6enableEh
                0x0000000000000000       0x14 build/machine/buttons.o
 .text._ZN7Buttons4readEv
                0x0000000000000000        0x4 build/machine/buttons.o
 .text._ZN7Buttons7pressedEh
                0x0000000000000000        0x4 build/machine/buttons.o
 .text          0x0000000000000000        0x0 build/machine/cpu.o
 .data          0x0000000000000000        0x0 build/machine/cpu.o
 .bss           0x0000000000000000        0x2 build/machine/cpu.o
[...]
Memory Configuration

Name             Origin             Length             Attributes
sfr              0x0000000000000000 0x0000000000000010
peripheral_8bit  0x0000000000000010 0x00000000000000f0
peripheral_16bit 0x0000000000000100 0x0000000000000100
bsl              0x0000000000001000 0x0000000000000800
infomem          0x0000000000001800 0x0000000000000200
infod            0x0000000000001800 0x0000000000000080
infoc            0x0000000000001880 0x0000000000000080
infob            0x0000000000001900 0x0000000000000080
infoa            0x0000000000001980 0x0000000000000080
ram              0x0000000000001c00 0x0000000000000ffe xw
rom              0x0000000000008000 0x0000000000007f80 xr
vectors          0x000000000000ff80 0x0000000000000080
ram2             0x0000000000000000 0x0000000000000000 xw
ram_mirror       0x0000000000000000 0x0000000000000000 xw
usbram           0x0000000000000000 0x0000000000000000 xw
far_rom          0x0000000000000000 0x0000000000000000
*default*        0x0000000000000000 0xffffffffffffffff

Linker script and memory map

LOAD /usr/lib/gcc/msp430/4.6.3/crt0ivtbl64.o
LOAD build/device/panic.o
LOAD build/device/plugbox.o
LOAD build/device/watch.o
LOAD build/guard/guard.o
LOAD build/guard/guardian.o
LOAD build/machine/buttons.o
LOAD build/machine/cpu.o
LOAD build/machine/lcd.o
LOAD build/machine/radio.o
LOAD build/machine/standby.o
LOAD build/machine/system.o
LOAD build/machine/timer.o
LOAD build/main.o
LOAD build/meeting/bellringer.o
LOAD build/meeting/buzzer.o
LOAD build/meeting/semaphore.o
LOAD build/meeting/waitingroom.o
LOAD build/object/cpp_helpers.o
LOAD build/object/list.o
LOAD build/object/queue.o
LOAD build/syscall/guarded_buzzer.o
LOAD build/syscall/guarded_organizer.o
LOAD build/syscall/guarded_radio.o
LOAD build/syscall/guarded_semaphore.o
LOAD build/thread/coroutine.o
LOAD build/thread/dispatch.o
LOAD build/thread/kickoff.o
LOAD build/thread/organizer.o
LOAD build/thread/scheduler.o
LOAD build/user/userthread.o
LOAD build/machine/toc_asm.o
LOAD build/machine/simpliciti/mrfi/mrfi.o
LOAD build/machine/simpliciti/nwk/nwk.o
LOAD build/machine/simpliciti/nwk/nwk_QMgmt.o
LOAD build/machine/simpliciti/nwk/nwk_api.o
LOAD build/machine/simpliciti/nwk/nwk_frame.o
LOAD build/machine/simpliciti/nwk/nwk_globals.o
LOAD build/machine/simpliciti/nwk_applications/nwk_freq.o
LOAD build/machine/simpliciti/nwk_applications/nwk_ioctl.o
LOAD build/machine/simpliciti/nwk_applications/nwk_join.o
LOAD build/machine/simpliciti/nwk_applications/nwk_link.o
LOAD build/machine/simpliciti/nwk_applications/nwk_mgmt.o
LOAD build/machine/simpliciti/nwk_applications/nwk_ping.o
LOAD build/machine/simpliciti/nwk_applications/nwk_security.o
LOAD build/machine/toc.o
LOAD build/machine/wrapper.o
LOAD /usr/lib/gcc/msp430/4.6.3/libgcc.a
LOAD /usr/lib/gcc/msp430/4.6.3/../../../../msp430/lib/libc.a
LOAD /usr/lib/gcc/msp430/4.6.3/libgcc.a
LOAD /usr/lib/gcc/msp430/4.6.3/libcrt0.a
                0x0000000000000080                PROVIDE (__info_segment_size, 0x80)
                0x0000000000001800                PROVIDE (__infod, 0x1800)
                0x0000000000001880                PROVIDE (__infoc, 0x1880)
                0x0000000000001900                PROVIDE (__infob, 0x1900)
                0x0000000000001980                PROVIDE (__infoa, 0x1980)
                0x0000000000000700                __ADC12CTL0_L = 0x700
                0x0000000000000701                __ADC12CTL0_H = 0x701
                0x0000000000000700                __ADC12CTL0 = 0x700
                0x0000000000000702                __ADC12CTL1_L = 0x702
                0x0000000000000703                __ADC12CTL1_H = 0x703
                0x0000000000000702                __ADC12CTL1 = 0x702
                0x0000000000000704                __ADC12CTL2_L = 0x704
                0x0000000000000705                __ADC12CTL2_H = 0x705
                0x0000000000000704                __ADC12CTL2 = 0x704
                0x000000000000070a                __ADC12IFG_L = 0x70a
                0x000000000000070b                __ADC12IFG_H = 0x70b
                0x000000000000070a                __ADC12IFG = 0x70a
                0x000000000000070c                __ADC12IE_L = 0x70c
                0x000000000000070d                __ADC12IE_H = 0x70d
                0x000000000000070c                __ADC12IE = 0x70c
                0x000000000000070e                __ADC12IV_L = 0x70e
                0x000000000000070f                __ADC12IV_H = 0x70f
                0x000000000000070e                __ADC12IV = 0x70e
                0x0000000000000720                __ADC12MEM0_L = 0x720
                0x0000000000000721                __ADC12MEM0_H = 0x721
                0x0000000000000720                __ADC12MEM0 = 0x720
                0x0000000000000722                __ADC12MEM1_L = 0x722
                0x0000000000000723                __ADC12MEM1_H = 0x723
                0x0000000000000722                __ADC12MEM1 = 0x722
                0x0000000000000724                __ADC12MEM2_L = 0x724
                0x0000000000000725                __ADC12MEM2_H = 0x725
                0x0000000000000724                __ADC12MEM2 = 0x724
                0x0000000000000726                __ADC12MEM3_L = 0x726
                0x0000000000000727                __ADC12MEM3_H = 0x727
                0x0000000000000726                __ADC12MEM3 = 0x726
                0x0000000000000728                __ADC12MEM4_L = 0x728
                0x0000000000000729                __ADC12MEM4_H = 0x729
                0x0000000000000728                __ADC12MEM4 = 0x728
                0x000000000000072a                __ADC12MEM5_L = 0x72a
                0x000000000000072b                __ADC12MEM5_H = 0x72b
                0x000000000000072a                __ADC12MEM5 = 0x72a
                0x000000000000072c                __ADC12MEM6_L = 0x72c
                0x000000000000072d                __ADC12MEM6_H = 0x72d
                0x000000000000072c                __ADC12MEM6 = 0x72c
                0x000000000000072e                __ADC12MEM7_L = 0x72e
                0x000000000000072f                __ADC12MEM7_H = 0x72f
                0x000000000000072e                __ADC12MEM7 = 0x72e
                0x0000000000000730                __ADC12MEM8_L = 0x730
                0x0000000000000731                __ADC12MEM8_H = 0x731
                0x0000000000000730                __ADC12MEM8 = 0x730
                0x0000000000000732                __ADC12MEM9_L = 0x732
                0x0000000000000733                __ADC12MEM9_H = 0x733
                0x0000000000000732                __ADC12MEM9 = 0x732
                0x0000000000000734                __ADC12MEM10_L = 0x734
                0x0000000000000735                __ADC12MEM10_H = 0x735
                0x0000000000000734                __ADC12MEM10 = 0x734
                0x0000000000000736                __ADC12MEM11_L = 0x736
                0x0000000000000737                __ADC12MEM11_H = 0x737
                0x0000000000000736                __ADC12MEM11 = 0x736
                0x0000000000000738                __ADC12MEM12_L = 0x738
                0x0000000000000739                __ADC12MEM12_H = 0x739
                0x0000000000000738                __ADC12MEM12 = 0x738
                0x000000000000073a                __ADC12MEM13_L = 0x73a
                0x000000000000073b                __ADC12MEM13_H = 0x73b
                0x000000000000073a                __ADC12MEM13 = 0x73a
                0x000000000000073c                __ADC12MEM14_L = 0x73c
                0x000000000000073d                __ADC12MEM14_H = 0x73d
                0x000000000000073c                __ADC12MEM14 = 0x73c
                0x000000000000073e                __ADC12MEM15_L = 0x73e
                0x000000000000073f                __ADC12MEM15_H = 0x73f
                0x000000000000073e                __ADC12MEM15 = 0x73e
                0x0000000000000710                __ADC12MCTL0 = 0x710
                0x0000000000000711                __ADC12MCTL1 = 0x711
                0x0000000000000712                __ADC12MCTL2 = 0x712
                0x0000000000000713                __ADC12MCTL3 = 0x713
                0x0000000000000714                __ADC12MCTL4 = 0x714
                0x0000000000000715                __ADC12MCTL5 = 0x715
                0x0000000000000716                __ADC12MCTL6 = 0x716
                0x0000000000000717                __ADC12MCTL7 = 0x717
                0x0000000000000718                __ADC12MCTL8 = 0x718
                0x0000000000000719                __ADC12MCTL9 = 0x719
                0x000000000000071a                __ADC12MCTL10 = 0x71a
                0x000000000000071b                __ADC12MCTL11 = 0x71b
                0x000000000000071c                __ADC12MCTL12 = 0x71c
                0x000000000000071d                __ADC12MCTL13 = 0x71d
                0x000000000000071e                __ADC12MCTL14 = 0x71e
                0x000000000000071f                __ADC12MCTL15 = 0x71f
                0x00000000000009c0                __AESACTL0_L = 0x9c0
                0x00000000000009c1                __AESACTL0_H = 0x9c1
                0x00000000000009c0                __AESACTL0 = 0x9c0
                0x00000000000009c4                __AESASTAT_L = 0x9c4
                0x00000000000009c5                __AESASTAT_H = 0x9c5
                0x00000000000009c4                __AESASTAT = 0x9c4
                0x00000000000009c6                __AESAKEY_L = 0x9c6
                0x00000000000009c7                __AESAKEY_H = 0x9c7
                0x00000000000009c6                __AESAKEY = 0x9c6
                0x00000000000009c8                __AESADIN_L = 0x9c8
                0x00000000000009c9                __AESADIN_H = 0x9c9
                0x00000000000009c8                __AESADIN = 0x9c8
                0x00000000000009ca                __AESADOUT_L = 0x9ca
                0x00000000000009cb                __AESADOUT_H = 0x9cb
                0x00000000000009ca                __AESADOUT = 0x9ca
                0x00000000000008c0                __CBCTL0_L = 0x8c0
                0x00000000000008c1                __CBCTL0_H = 0x8c1
                0x00000000000008c0                __CBCTL0 = 0x8c0
                0x00000000000008c2                __CBCTL1_L = 0x8c2
                0x00000000000008c3                __CBCTL1_H = 0x8c3
                0x00000000000008c2                __CBCTL1 = 0x8c2
                0x00000000000008c4                __CBCTL2_L = 0x8c4
                0x00000000000008c5                __CBCTL2_H = 0x8c5
                0x00000000000008c4                __CBCTL2 = 0x8c4
                0x00000000000008c6                __CBCTL3_L = 0x8c6
                0x00000000000008c7                __CBCTL3_H = 0x8c7
                0x00000000000008c6                __CBCTL3 = 0x8c6
                0x00000000000008cc                __CBINT_L = 0x8cc
                0x00000000000008cd                __CBINT_H = 0x8cd
                0x00000000000008cc                __CBINT = 0x8cc
                0x00000000000008ce                __CBIV = 0x8ce
                0x0000000000000f00                __RF1AIFCTL0_L = 0xf00
                0x0000000000000f01                __RF1AIFCTL0_H = 0xf01
                0x0000000000000f00                __RF1AIFCTL0 = 0xf00
                0x0000000000000f02                __RF1AIFCTL1_L = 0xf02
                0x0000000000000f03                __RF1AIFCTL1_H = 0xf03
                0x0000000000000f02                __RF1AIFCTL1 = 0xf02
                0x0000000000000f04                __RF1AIFCTL2_L = 0xf04
                0x0000000000000f05                __RF1AIFCTL2_H = 0xf05
                0x0000000000000f04                __RF1AIFCTL2 = 0xf04
                0x0000000000000f06                __RF1AIFERR_L = 0xf06
                0x0000000000000f07                __RF1AIFERR_H = 0xf07
                0x0000000000000f06                __RF1AIFERR = 0xf06
                0x0000000000000f0c                __RF1AIFERRV_L = 0xf0c
                0x0000000000000f0d                __RF1AIFERRV_H = 0xf0d
                0x0000000000000f0c                __RF1AIFERRV = 0xf0c
                0x0000000000000f0e                __RF1AIFIV_L = 0xf0e
                0x0000000000000f0f                __RF1AIFIV_H = 0xf0f
                0x0000000000000f0e                __RF1AIFIV = 0xf0e
                0x0000000000000f10                __RF1AINSTRW_L = 0xf10
                0x0000000000000f11                __RF1AINSTRW_H = 0xf11
                0x0000000000000f10                __RF1AINSTRW = 0xf10
                0x0000000000000f12                __RF1AINSTR1W_L = 0xf12
                0x0000000000000f13                __RF1AINSTR1W_H = 0xf13
                0x0000000000000f12                __RF1AINSTR1W = 0xf12
                0x0000000000000f14                __RF1AINSTR2W_L = 0xf14
                0x0000000000000f15                __RF1AINSTR2W_H = 0xf15
                0x0000000000000f14                __RF1AINSTR2W = 0xf14
                0x0000000000000f16                __RF1ADINW_L = 0xf16
                0x0000000000000f17                __RF1ADINW_H = 0xf17
                0x0000000000000f16                __RF1ADINW = 0xf16
                0x0000000000000f20                __RF1ASTAT0W_L = 0xf20
                0x0000000000000f21                __RF1ASTAT0W_H = 0xf21
                0x0000000000000f20                __RF1ASTAT0W = 0xf20
                0x0000000000000f22                __RF1ASTAT1W_L = 0xf22
                0x0000000000000f23                __RF1ASTAT1W_H = 0xf23
                0x0000000000000f22                __RF1ASTAT1W = 0xf22
                0x0000000000000f24                __RF1ASTAT2W_L = 0xf24
                0x0000000000000f25                __RF1ASTAT2W_H = 0xf25
                0x0000000000000f24                __RF1ASTAT2W = 0xf24
                0x0000000000000f28                __RF1ADOUT0W_L = 0xf28
                0x0000000000000f29                __RF1ADOUT0W_H = 0xf29
                0x0000000000000f28                __RF1ADOUT0W = 0xf28
                0x0000000000000f2a                __RF1ADOUT1W_L = 0xf2a
                0x0000000000000f2b                __RF1ADOUT1W_H = 0xf2b
                0x0000000000000f2a                __RF1ADOUT1W = 0xf2a
                0x0000000000000f2c                __RF1ADOUT2W_L = 0xf2c
                0x0000000000000f2d                __RF1ADOUT2W_H = 0xf2d
                0x0000000000000f2c                __RF1ADOUT2W = 0xf2c
                0x0000000000000f30                __RF1AIN_L = 0xf30
                0x0000000000000f31                __RF1AIN_H = 0xf31
                0x0000000000000f30                __RF1AIN = 0xf30
                0x0000000000000f32                __RF1AIFG_L = 0xf32
                0x0000000000000f33                __RF1AIFG_H = 0xf33
                0x0000000000000f32                __RF1AIFG = 0xf32
                0x0000000000000f34                __RF1AIES_L = 0xf34
                0x0000000000000f35                __RF1AIES_H = 0xf35
                0x0000000000000f34                __RF1AIES = 0xf34
                0x0000000000000f36                __RF1AIE_L = 0xf36
                0x0000000000000f37                __RF1AIE_H = 0xf37
                0x0000000000000f36                __RF1AIE = 0xf36
                0x0000000000000f38                __RF1AIV_L = 0xf38
                0x0000000000000f39                __RF1AIV_H = 0xf39
                0x0000000000000f38                __RF1AIV = 0xf38
                0x0000000000000f3c                __RF1ARXFIFO_L = 0xf3c
                0x0000000000000f3d                __RF1ARXFIFO_H = 0xf3d
                0x0000000000000f3c                __RF1ARXFIFO = 0xf3c
                0x0000000000000f3e                __RF1ATXFIFO_L = 0xf3e
                0x0000000000000f3f                __RF1ATXFIFO_H = 0xf3f
                0x0000000000000f3e                __RF1ATXFIFO = 0xf3e
                0x0000000000000150                __CRCDI_L = 0x150
                0x0000000000000151                __CRCDI_H = 0x151
                0x0000000000000150                __CRCDI = 0x150
                0x0000000000000152                __CRCDIRB_L = 0x152
                0x0000000000000153                __CRCDIRB_H = 0x153
                0x0000000000000152                __CRCDIRB = 0x152
                0x0000000000000154                __CRCINIRES_L = 0x154
                0x0000000000000155                __CRCINIRES_H = 0x155
                0x0000000000000154                __CRCINIRES = 0x154
                0x0000000000000156                __CRCRESR_L = 0x156
                0x0000000000000157                __CRCRESR_H = 0x157
                0x0000000000000156                __CRCRESR = 0x156
                0x0000000000000500                __DMACTL0_L = 0x500
                0x0000000000000501                __DMACTL0_H = 0x501
                0x0000000000000500                __DMACTL0 = 0x500
                0x0000000000000502                __DMACTL1_L = 0x502
                0x0000000000000503                __DMACTL1_H = 0x503
                0x0000000000000502                __DMACTL1 = 0x502
                0x0000000000000504                __DMACTL2_L = 0x504
                0x0000000000000505                __DMACTL2_H = 0x505
                0x0000000000000504                __DMACTL2 = 0x504
                0x0000000000000506                __DMACTL3_L = 0x506
                0x0000000000000507                __DMACTL3_H = 0x507
                0x0000000000000506                __DMACTL3 = 0x506
                0x0000000000000508                __DMACTL4_L = 0x508
                0x0000000000000509                __DMACTL4_H = 0x509
                0x0000000000000508                __DMACTL4 = 0x508
                0x000000000000050e                __DMAIV_L = 0x50e
                0x000000000000050f                __DMAIV_H = 0x50f
                0x000000000000050e                __DMAIV = 0x50e
                0x0000000000000510                __DMA0CTL_L = 0x510
                0x0000000000000511                __DMA0CTL_H = 0x511
                0x0000000000000510                __DMA0CTL = 0x510
                0x0000000000000512                __DMA0SA = 0x512
                0x0000000000000516                __DMA0DA = 0x516
                0x000000000000051a                __DMA0SZ = 0x51a
                0x0000000000000520                __DMA1CTL_L = 0x520
                0x0000000000000521                __DMA1CTL_H = 0x521
                0x0000000000000520                __DMA1CTL = 0x520
                0x0000000000000522                __DMA1SA = 0x522
                0x0000000000000526                __DMA1DA = 0x526
                0x000000000000052a                __DMA1SZ = 0x52a
                0x0000000000000530                __DMA2CTL_L = 0x530
                0x0000000000000531                __DMA2CTL_H = 0x531
                0x0000000000000530                __DMA2CTL = 0x530
                0x0000000000000532                __DMA2SA = 0x532
                0x0000000000000536                __DMA2DA = 0x536
                0x000000000000053a                __DMA2SZ = 0x53a
                0x0000000000000140                __FCTL1_L = 0x140
                0x0000000000000141                __FCTL1_H = 0x141
                0x0000000000000140                __FCTL1 = 0x140
                0x0000000000000144                __FCTL3_L = 0x144
                0x0000000000000145                __FCTL3_H = 0x145
                0x0000000000000144                __FCTL3 = 0x144
                0x0000000000000146                __FCTL4_L = 0x146
                0x0000000000000147                __FCTL4_H = 0x147
                0x0000000000000146                __FCTL4 = 0x146
                0x0000000000000a00                __LCDBCTL0_L = 0xa00
                0x0000000000000a01                __LCDBCTL0_H = 0xa01
                0x0000000000000a00                __LCDBCTL0 = 0xa00
                0x0000000000000a02                __LCDBCTL1_L = 0xa02
                0x0000000000000a03                __LCDBCTL1_H = 0xa03
                0x0000000000000a02                __LCDBCTL1 = 0xa02
                0x0000000000000a04                __LCDBBLKCTL_L = 0xa04
                0x0000000000000a05                __LCDBBLKCTL_H = 0xa05
                0x0000000000000a04                __LCDBBLKCTL = 0xa04
                0x0000000000000a06                __LCDBMEMCTL_L = 0xa06
                0x0000000000000a07                __LCDBMEMCTL_H = 0xa07
                0x0000000000000a06                __LCDBMEMCTL = 0xa06
                0x0000000000000a08                __LCDBVCTL_L = 0xa08
                0x0000000000000a09                __LCDBVCTL_H = 0xa09
                0x0000000000000a08                __LCDBVCTL = 0xa08
                0x0000000000000a0a                __LCDBPCTL0_L = 0xa0a
                0x0000000000000a0b                __LCDBPCTL0_H = 0xa0b
                0x0000000000000a0a                __LCDBPCTL0 = 0xa0a
                0x0000000000000a0c                __LCDBPCTL1_L = 0xa0c
                0x0000000000000a0d                __LCDBPCTL1_H = 0xa0d
                0x0000000000000a0c                __LCDBPCTL1 = 0xa0c
                0x0000000000000a0e                __LCDBPCTL2_L = 0xa0e
                0x0000000000000a0f                __LCDBPCTL2_H = 0xa0f
                0x0000000000000a0e                __LCDBPCTL2 = 0xa0e
                0x0000000000000a10                __LCDBPCTL3_L = 0xa10
                0x0000000000000a11                __LCDBPCTL3_H = 0xa11
                0x0000000000000a10                __LCDBPCTL3 = 0xa10
                0x0000000000000a12                __LCDBCPCTL_L = 0xa12
                0x0000000000000a13                __LCDBCPCTL_H = 0xa13
                0x0000000000000a12                __LCDBCPCTL = 0xa12
                0x0000000000000a1e                __LCDBIV = 0xa1e
                0x0000000000000a20                __LCDM1 = 0xa20
                0x0000000000000a21                __LCDM2 = 0xa21
                0x0000000000000a22                __LCDM3 = 0xa22
                0x0000000000000a23                __LCDM4 = 0xa23
                0x0000000000000a24                __LCDM5 = 0xa24
                0x0000000000000a25                __LCDM6 = 0xa25
                0x0000000000000a26                __LCDM7 = 0xa26
                0x0000000000000a27                __LCDM8 = 0xa27
                0x0000000000000a28                __LCDM9 = 0xa28
                0x0000000000000a29                __LCDM10 = 0xa29
                0x0000000000000a2a                __LCDM11 = 0xa2a
                0x0000000000000a2b                __LCDM12 = 0xa2b
                0x0000000000000a2c                __LCDM13 = 0xa2c
                0x0000000000000a2d                __LCDM14 = 0xa2d
                0x0000000000000a2e                __LCDM15 = 0xa2e
                0x0000000000000a2f                __LCDM16 = 0xa2f
                0x0000000000000a30                __LCDM17 = 0xa30
                0x0000000000000a31                __LCDM18 = 0xa31
                0x0000000000000a32                __LCDM19 = 0xa32
                0x0000000000000a33                __LCDM20 = 0xa33
                0x0000000000000a34                __LCDM21 = 0xa34
                0x0000000000000a35                __LCDM22 = 0xa35
                0x0000000000000a36                __LCDM23 = 0xa36
                0x0000000000000a37                __LCDM24 = 0xa37
                0x0000000000000a40                __LCDBM1 = 0xa40
                0x0000000000000a41                __LCDBM2 = 0xa41
                0x0000000000000a42                __LCDBM3 = 0xa42
                0x0000000000000a43                __LCDBM4 = 0xa43
                0x0000000000000a44                __LCDBM5 = 0xa44
                0x0000000000000a45                __LCDBM6 = 0xa45
                0x0000000000000a46                __LCDBM7 = 0xa46
                0x0000000000000a47                __LCDBM8 = 0xa47
                0x0000000000000a48                __LCDBM9 = 0xa48
                0x0000000000000a49                __LCDBM10 = 0xa49
                0x0000000000000a4a                __LCDBM11 = 0xa4a
                0x0000000000000a4b                __LCDBM12 = 0xa4b
                0x0000000000000a4c                __LCDBM13 = 0xa4c
                0x0000000000000a4d                __LCDBM14 = 0xa4d
                0x0000000000000a4e                __LCDBM15 = 0xa4e
                0x0000000000000a4f                __LCDBM16 = 0xa4f
                0x0000000000000a50                __LCDBM17 = 0xa50
                0x0000000000000a51                __LCDBM18 = 0xa51
                0x0000000000000a52                __LCDBM19 = 0xa52
                0x0000000000000a53                __LCDBM20 = 0xa53
                0x0000000000000a54                __LCDBM21 = 0xa54
                0x0000000000000a55                __LCDBM22 = 0xa55
                0x0000000000000a56                __LCDBM23 = 0xa56
                0x0000000000000a57                __LCDBM24 = 0xa57
                0x00000000000004c0                __MPY_L = 0x4c0
                0x00000000000004c1                __MPY_H = 0x4c1
                0x00000000000004c0                __MPY = 0x4c0
                0x00000000000004c2                __MPYS_L = 0x4c2
                0x00000000000004c3                __MPYS_H = 0x4c3
                0x00000000000004c2                __MPYS = 0x4c2
                0x00000000000004c4                __MAC_L = 0x4c4
                0x00000000000004c5                __MAC_H = 0x4c5
                0x00000000000004c4                __MAC = 0x4c4
                0x00000000000004c6                __MACS_L = 0x4c6
                0x00000000000004c7                __MACS_H = 0x4c7
                0x00000000000004c6                __MACS = 0x4c6
                0x00000000000004c8                __OP2_L = 0x4c8
                0x00000000000004c9                __OP2_H = 0x4c9
                0x00000000000004c8                __OP2 = 0x4c8
                0x00000000000004ca                __RESLO_L = 0x4ca
                0x00000000000004cb                __RESLO_H = 0x4cb
                0x00000000000004ca                __RESLO = 0x4ca
                0x00000000000004cc                __RESHI_L = 0x4cc
                0x00000000000004cd                __RESHI_H = 0x4cd
                0x00000000000004cc                __RESHI = 0x4cc
                0x00000000000004ce                __SUMEXT_L = 0x4ce
                0x00000000000004cf                __SUMEXT_H = 0x4cf
                0x00000000000004ce                __SUMEXT = 0x4ce
                0x00000000000004d0                __MPY32L_L = 0x4d0
                0x00000000000004d1                __MPY32L_H = 0x4d1
                0x00000000000004d0                __MPY32L = 0x4d0
                0x00000000000004d2                __MPY32H_L = 0x4d2
                0x00000000000004d3                __MPY32H_H = 0x4d3
                0x00000000000004d2                __MPY32H = 0x4d2
                0x00000000000004d4                __MPYS32L_L = 0x4d4
                0x00000000000004d5                __MPYS32L_H = 0x4d5
                0x00000000000004d4                __MPYS32L = 0x4d4
                0x00000000000004d6                __MPYS32H_L = 0x4d6
                0x00000000000004d7                __MPYS32H_H = 0x4d7
                0x00000000000004d6                __MPYS32H = 0x4d6
                0x00000000000004d8                __MAC32L_L = 0x4d8
                0x00000000000004d9                __MAC32L_H = 0x4d9
                0x00000000000004d8                __MAC32L = 0x4d8
                0x00000000000004da                __MAC32H_L = 0x4da
                0x00000000000004db                __MAC32H_H = 0x4db
                0x00000000000004da                __MAC32H = 0x4da
                0x00000000000004dc                __MACS32L_L = 0x4dc
                0x00000000000004dd                __MACS32L_H = 0x4dd
                0x00000000000004dc                __MACS32L = 0x4dc
                0x00000000000004de                __MACS32H_L = 0x4de
                0x00000000000004df                __MACS32H_H = 0x4df
                0x00000000000004de                __MACS32H = 0x4de
                0x00000000000004e0                __OP2L_L = 0x4e0
                0x00000000000004e1                __OP2L_H = 0x4e1
                0x00000000000004e0                __OP2L = 0x4e0
                0x00000000000004e2                __OP2H_L = 0x4e2
                0x00000000000004e3                __OP2H_H = 0x4e3
                0x00000000000004e2                __OP2H = 0x4e2
                0x00000000000004e4                __RES0_L = 0x4e4
                0x00000000000004e5                __RES0_H = 0x4e5
                0x00000000000004e4                __RES0 = 0x4e4
                0x00000000000004e6                __RES1_L = 0x4e6
                0x00000000000004e7                __RES1_H = 0x4e7
                0x00000000000004e6                __RES1 = 0x4e6
                0x00000000000004e8                __RES2_L = 0x4e8
                0x00000000000004e9                __RES2_H = 0x4e9
                0x00000000000004e8                __RES2 = 0x4e8
                0x00000000000004ea                __RES3_L = 0x4ea
                0x00000000000004eb                __RES3_H = 0x4eb
                0x00000000000004ea                __RES3 = 0x4ea
                0x00000000000004ec                __MPY32CTL0_L = 0x4ec
                0x00000000000004ed                __MPY32CTL0_H = 0x4ed
                0x00000000000004ec                __MPY32CTL0 = 0x4ec
                0x0000000000000200                __PAIN_L = 0x200
                0x0000000000000201                __PAIN_H = 0x201
                0x0000000000000200                __PAIN = 0x200
                0x0000000000000202                __PAOUT_L = 0x202
                0x0000000000000203                __PAOUT_H = 0x203
                0x0000000000000202                __PAOUT = 0x202
                0x0000000000000204                __PADIR_L = 0x204
                0x0000000000000205                __PADIR_H = 0x205
                0x0000000000000204                __PADIR = 0x204
                0x0000000000000206                __PAREN_L = 0x206
                0x0000000000000207                __PAREN_H = 0x207
                0x0000000000000206                __PAREN = 0x206
                0x0000000000000208                __PADS_L = 0x208
                0x0000000000000209                __PADS_H = 0x209
                0x0000000000000208                __PADS = 0x208
                0x000000000000020a                __PASEL_L = 0x20a
                0x000000000000020b                __PASEL_H = 0x20b
                0x000000000000020a                __PASEL = 0x20a
                0x0000000000000218                __PAIES_L = 0x218
                0x0000000000000219                __PAIES_H = 0x219
                0x0000000000000218                __PAIES = 0x218
                0x000000000000021a                __PAIE_L = 0x21a
                0x000000000000021b                __PAIE_H = 0x21b
                0x000000000000021a                __PAIE = 0x21a
                0x000000000000021c                __PAIFG_L = 0x21c
                0x000000000000021d                __PAIFG_H = 0x21d
                0x000000000000021c                __PAIFG = 0x21c
                0x000000000000020e                __P1IV = 0x20e
                0x000000000000021e                __P2IV = 0x21e
                0x0000000000000220                __PBIN_L = 0x220
                0x0000000000000221                __PBIN_H = 0x221
                0x0000000000000220                __PBIN = 0x220
                0x0000000000000222                __PBOUT_L = 0x222
                0x0000000000000223                __PBOUT_H = 0x223
                0x0000000000000222                __PBOUT = 0x222
                0x0000000000000224                __PBDIR_L = 0x224
                0x0000000000000225                __PBDIR_H = 0x225
                0x0000000000000224                __PBDIR = 0x224
                0x0000000000000226                __PBREN_L = 0x226
                0x0000000000000227                __PBREN_H = 0x227
                0x0000000000000226                __PBREN = 0x226
                0x0000000000000228                __PBDS_L = 0x228
                0x0000000000000229                __PBDS_H = 0x229
                0x0000000000000228                __PBDS = 0x228
                0x000000000000022a                __PBSEL_L = 0x22a
                0x000000000000022b                __PBSEL_H = 0x22b
                0x000000000000022a                __PBSEL = 0x22a
                0x0000000000000240                __PCIN_L = 0x240
                0x0000000000000241                __PCIN_H = 0x241
                0x0000000000000240                __PCIN = 0x240
                0x0000000000000242                __PCOUT_L = 0x242
                0x0000000000000243                __PCOUT_H = 0x243
                0x0000000000000242                __PCOUT = 0x242
                0x0000000000000244                __PCDIR_L = 0x244
                0x0000000000000245                __PCDIR_H = 0x245
                0x0000000000000244                __PCDIR = 0x244
                0x0000000000000246                __PCREN_L = 0x246
                0x0000000000000247                __PCREN_H = 0x247
                0x0000000000000246                __PCREN = 0x246
                0x0000000000000248                __PCDS_L = 0x248
                0x0000000000000249                __PCDS_H = 0x249
                0x0000000000000248                __PCDS = 0x248
                0x000000000000024a                __PCSEL_L = 0x24a
                0x000000000000024b                __PCSEL_H = 0x24b
                0x000000000000024a                __PCSEL = 0x24a
                0x0000000000000320                __PJIN_L = 0x320
                0x0000000000000321                __PJIN_H = 0x321
                0x0000000000000320                __PJIN = 0x320
                0x0000000000000322                __PJOUT_L = 0x322
                0x0000000000000323                __PJOUT_H = 0x323
                0x0000000000000322                __PJOUT = 0x322
                0x0000000000000324                __PJDIR_L = 0x324
                0x0000000000000325                __PJDIR_H = 0x325
                0x0000000000000324                __PJDIR = 0x324
                0x0000000000000326                __PJREN_L = 0x326
                0x0000000000000327                __PJREN_H = 0x327
                0x0000000000000326                __PJREN = 0x326
                0x0000000000000328                __PJDS_L = 0x328
                0x0000000000000329                __PJDS_H = 0x329
                0x0000000000000328                __PJDS = 0x328
                0x00000000000001c0                __PMAPKEYID_L = 0x1c0
                0x00000000000001c1                __PMAPKEYID_H = 0x1c1
                0x00000000000001c0                __PMAPKEYID = 0x1c0
                0x00000000000001c2                __PMAPCTL_L = 0x1c2
                0x00000000000001c3                __PMAPCTL_H = 0x1c3
                0x00000000000001c2                __PMAPCTL = 0x1c2
                0x00000000000001c8                __P1MAP01_L = 0x1c8
                0x00000000000001c9                __P1MAP01_H = 0x1c9
                0x00000000000001c8                __P1MAP01 = 0x1c8
                0x00000000000001ca                __P1MAP23_L = 0x1ca
                0x00000000000001cb                __P1MAP23_H = 0x1cb
                0x00000000000001ca                __P1MAP23 = 0x1ca
                0x00000000000001cc                __P1MAP45_L = 0x1cc
                0x00000000000001cd                __P1MAP45_H = 0x1cd
                0x00000000000001cc                __P1MAP45 = 0x1cc
                0x00000000000001ce                __P1MAP67_L = 0x1ce
                0x00000000000001cf                __P1MAP67_H = 0x1cf
                0x00000000000001ce                __P1MAP67 = 0x1ce
                0x00000000000001d0                __P2MAP01_L = 0x1d0
                0x00000000000001d1                __P2MAP01_H = 0x1d1
                0x00000000000001d0                __P2MAP01 = 0x1d0
                0x00000000000001d2                __P2MAP23_L = 0x1d2
                0x00000000000001d3                __P2MAP23_H = 0x1d3
                0x00000000000001d2                __P2MAP23 = 0x1d2
                0x00000000000001d4                __P2MAP45_L = 0x1d4
                0x00000000000001d5                __P2MAP45_H = 0x1d5
                0x00000000000001d4                __P2MAP45 = 0x1d4
                0x00000000000001d6                __P2MAP67_L = 0x1d6
                0x00000000000001d7                __P2MAP67_H = 0x1d7
                0x00000000000001d6                __P2MAP67 = 0x1d6
                0x00000000000001d8                __P3MAP01_L = 0x1d8
                0x00000000000001d9                __P3MAP01_H = 0x1d9
                0x00000000000001d8                __P3MAP01 = 0x1d8
                0x00000000000001da                __P3MAP23_L = 0x1da
                0x00000000000001db                __P3MAP23_H = 0x1db
                0x00000000000001da                __P3MAP23 = 0x1da
                0x00000000000001dc                __P3MAP45_L = 0x1dc
                0x00000000000001dd                __P3MAP45_H = 0x1dd
                0x00000000000001dc                __P3MAP45 = 0x1dc
                0x00000000000001de                __P3MAP67_L = 0x1de
                0x00000000000001df                __P3MAP67_H = 0x1df
                0x00000000000001de                __P3MAP67 = 0x1de
                0x0000000000000120                __PMMCTL0_L = 0x120
                0x0000000000000121                __PMMCTL0_H = 0x121
                0x0000000000000120                __PMMCTL0 = 0x120
                0x0000000000000122                __PMMCTL1_L = 0x122
                0x0000000000000123                __PMMCTL1_H = 0x123
                0x0000000000000122                __PMMCTL1 = 0x122
                0x0000000000000124                __SVSMHCTL_L = 0x124
                0x0000000000000125                __SVSMHCTL_H = 0x125
                0x0000000000000124                __SVSMHCTL = 0x124
                0x0000000000000126                __SVSMLCTL_L = 0x126
                0x0000000000000127                __SVSMLCTL_H = 0x127
                0x0000000000000126                __SVSMLCTL = 0x126
                0x0000000000000128                __SVSMIO_L = 0x128
                0x0000000000000129                __SVSMIO_H = 0x129
                0x0000000000000128                __SVSMIO = 0x128
                0x000000000000012c                __PMMIFG_L = 0x12c
                0x000000000000012d                __PMMIFG_H = 0x12d
                0x000000000000012c                __PMMIFG = 0x12c
                0x000000000000012e                __PMMRIE_L = 0x12e
                0x000000000000012f                __PMMRIE_H = 0x12f
                0x000000000000012e                __PMMRIE = 0x12e
                0x0000000000000158                __RCCTL0_L = 0x158
                0x0000000000000159                __RCCTL0_H = 0x159
                0x0000000000000158                __RCCTL0 = 0x158
                0x00000000000001b0                __REFCTL0_L = 0x1b0
                0x00000000000001b1                __REFCTL0_H = 0x1b1
                0x00000000000001b0                __REFCTL0 = 0x1b0
                0x00000000000004a0                __RTCCTL01_L = 0x4a0
                0x00000000000004a1                __RTCCTL01_H = 0x4a1
                0x00000000000004a0                __RTCCTL01 = 0x4a0
                0x00000000000004a2                __RTCCTL23_L = 0x4a2
                0x00000000000004a3                __RTCCTL23_H = 0x4a3
                0x00000000000004a2                __RTCCTL23 = 0x4a2
                0x00000000000004a8                __RTCPS0CTL_L = 0x4a8
                0x00000000000004a9                __RTCPS0CTL_H = 0x4a9
                0x00000000000004a8                __RTCPS0CTL = 0x4a8
                0x00000000000004aa                __RTCPS1CTL_L = 0x4aa
                0x00000000000004ab                __RTCPS1CTL_H = 0x4ab
                0x00000000000004aa                __RTCPS1CTL = 0x4aa
                0x00000000000004ac                __RTCPS_L = 0x4ac
                0x00000000000004ad                __RTCPS_H = 0x4ad
                0x00000000000004ac                __RTCPS = 0x4ac
                0x00000000000004ae                __RTCIV = 0x4ae
                0x00000000000004b0                __RTCTIM0_L = 0x4b0
                0x00000000000004b1                __RTCTIM0_H = 0x4b1
                0x00000000000004b0                __RTCTIM0 = 0x4b0
                0x00000000000004b2                __RTCTIM1_L = 0x4b2
                0x00000000000004b3                __RTCTIM1_H = 0x4b3
                0x00000000000004b2                __RTCTIM1 = 0x4b2
                0x00000000000004b4                __RTCDATE_L = 0x4b4
                0x00000000000004b5                __RTCDATE_H = 0x4b5
                0x00000000000004b4                __RTCDATE = 0x4b4
                0x00000000000004b6                __RTCYEAR_L = 0x4b6
                0x00000000000004b7                __RTCYEAR_H = 0x4b7
                0x00000000000004b6                __RTCYEAR = 0x4b6
                0x00000000000004b8                __RTCAMINHR_L = 0x4b8
                0x00000000000004b9                __RTCAMINHR_H = 0x4b9
                0x00000000000004b8                __RTCAMINHR = 0x4b8
                0x00000000000004ba                __RTCADOWDAY_L = 0x4ba
                0x00000000000004bb                __RTCADOWDAY_H = 0x4bb
                0x00000000000004ba                __RTCADOWDAY = 0x4ba
                0x0000000000000100                __SFRIE1_L = 0x100
                0x0000000000000101                __SFRIE1_H = 0x101
                0x0000000000000100                __SFRIE1 = 0x100
                0x0000000000000102                __SFRIFG1_L = 0x102
                0x0000000000000103                __SFRIFG1_H = 0x103
                0x0000000000000102                __SFRIFG1 = 0x102
                0x0000000000000104                __SFRRPCR_L = 0x104
                0x0000000000000105                __SFRRPCR_H = 0x105
                0x0000000000000104                __SFRRPCR = 0x104
                0x0000000000000180                __SYSCTL_L = 0x180
                0x0000000000000181                __SYSCTL_H = 0x181
                0x0000000000000180                __SYSCTL = 0x180
                0x0000000000000182                __SYSBSLC_L = 0x182
                0x0000000000000183                __SYSBSLC_H = 0x183
                0x0000000000000182                __SYSBSLC = 0x182
                0x0000000000000186                __SYSJMBC_L = 0x186
                0x0000000000000187                __SYSJMBC_H = 0x187
                0x0000000000000186                __SYSJMBC = 0x186
                0x0000000000000188                __SYSJMBI0_L = 0x188
                0x0000000000000189                __SYSJMBI0_H = 0x189
                0x0000000000000188                __SYSJMBI0 = 0x188
                0x000000000000018a                __SYSJMBI1_L = 0x18a
                0x000000000000018b                __SYSJMBI1_H = 0x18b
                0x000000000000018a                __SYSJMBI1 = 0x18a
                0x000000000000018c                __SYSJMBO0_L = 0x18c
                0x000000000000018d                __SYSJMBO0_H = 0x18d
                0x000000000000018c                __SYSJMBO0 = 0x18c
                0x000000000000018e                __SYSJMBO1_L = 0x18e
                0x000000000000018f                __SYSJMBO1_H = 0x18f
                0x000000000000018e                __SYSJMBO1 = 0x18e
                0x0000000000000198                __SYSBERRIV_L = 0x198
                0x0000000000000199                __SYSBERRIV_H = 0x199
                0x0000000000000198                __SYSBERRIV = 0x198
                0x000000000000019a                __SYSUNIV_L = 0x19a
                0x000000000000019b                __SYSUNIV_H = 0x19b
                0x000000000000019a                __SYSUNIV = 0x19a
                0x000000000000019c                __SYSSNIV_L = 0x19c
                0x000000000000019d                __SYSSNIV_H = 0x19d
                0x000000000000019c                __SYSSNIV = 0x19c
                0x000000000000019e                __SYSRSTIV_L = 0x19e
                0x000000000000019f                __SYSRSTIV_H = 0x19f
                0x000000000000019e                __SYSRSTIV = 0x19e
                0x0000000000000340                __TA0CTL = 0x340
                0x0000000000000342                __TA0CCTL0 = 0x342
                0x0000000000000344                __TA0CCTL1 = 0x344
                0x0000000000000346                __TA0CCTL2 = 0x346
                0x0000000000000348                __TA0CCTL3 = 0x348
                0x000000000000034a                __TA0CCTL4 = 0x34a
                0x0000000000000350                __TA0R = 0x350
                0x0000000000000352                __TA0CCR0 = 0x352
                0x0000000000000354                __TA0CCR1 = 0x354
                0x0000000000000356                __TA0CCR2 = 0x356
                0x0000000000000358                __TA0CCR3 = 0x358
                0x000000000000035a                __TA0CCR4 = 0x35a
                0x000000000000036e                __TA0IV = 0x36e
                0x0000000000000360                __TA0EX0 = 0x360
                0x0000000000000380                __TA1CTL = 0x380
                0x0000000000000382                __TA1CCTL0 = 0x382
                0x0000000000000384                __TA1CCTL1 = 0x384
                0x0000000000000386                __TA1CCTL2 = 0x386
                0x0000000000000390                __TA1R = 0x390
                0x0000000000000392                __TA1CCR0 = 0x392
                0x0000000000000394                __TA1CCR1 = 0x394
                0x0000000000000396                __TA1CCR2 = 0x396
                0x00000000000003ae                __TA1IV = 0x3ae
                0x00000000000003a0                __TA1EX0 = 0x3a0
                0x0000000000000160                __UCSCTL0_L = 0x160
                0x0000000000000161                __UCSCTL0_H = 0x161
                0x0000000000000160                __UCSCTL0 = 0x160
                0x0000000000000162                __UCSCTL1_L = 0x162
                0x0000000000000163                __UCSCTL1_H = 0x163
                0x0000000000000162                __UCSCTL1 = 0x162
                0x0000000000000164                __UCSCTL2_L = 0x164
                0x0000000000000165                __UCSCTL2_H = 0x165
                0x0000000000000164                __UCSCTL2 = 0x164
                0x0000000000000166                __UCSCTL3_L = 0x166
                0x0000000000000167                __UCSCTL3_H = 0x167
                0x0000000000000166                __UCSCTL3 = 0x166
                0x0000000000000168                __UCSCTL4_L = 0x168
                0x0000000000000169                __UCSCTL4_H = 0x169
                0x0000000000000168                __UCSCTL4 = 0x168
                0x000000000000016a                __UCSCTL5_L = 0x16a
                0x000000000000016b                __UCSCTL5_H = 0x16b
                0x000000000000016a                __UCSCTL5 = 0x16a
                0x000000000000016c                __UCSCTL6_L = 0x16c
                0x000000000000016d                __UCSCTL6_H = 0x16d
                0x000000000000016c                __UCSCTL6 = 0x16c
                0x000000000000016e                __UCSCTL7_L = 0x16e
                0x000000000000016f                __UCSCTL7_H = 0x16f
                0x000000000000016e                __UCSCTL7 = 0x16e
                0x0000000000000170                __UCSCTL8_L = 0x170
                0x0000000000000171                __UCSCTL8_H = 0x171
                0x0000000000000170                __UCSCTL8 = 0x170
                0x00000000000005c0                __UCA0CTLW0_L = 0x5c0
                0x00000000000005c1                __UCA0CTLW0_H = 0x5c1
                0x00000000000005c0                __UCA0CTLW0 = 0x5c0
                0x00000000000005c6                __UCA0BRW_L = 0x5c6
                0x00000000000005c7                __UCA0BRW_H = 0x5c7
                0x00000000000005c6                __UCA0BRW = 0x5c6
                0x00000000000005c8                __UCA0MCTL = 0x5c8
                0x00000000000005ca                __UCA0STAT = 0x5ca
                0x00000000000005cc                __UCA0RXBUF = 0x5cc
                0x00000000000005ce                __UCA0TXBUF = 0x5ce
                0x00000000000005d0                __UCA0ABCTL = 0x5d0
                0x00000000000005d2                __UCA0IRCTL_L = 0x5d2
                0x00000000000005d3                __UCA0IRCTL_H = 0x5d3
                0x00000000000005d2                __UCA0IRCTL = 0x5d2
                0x00000000000005dc                __UCA0ICTL_L = 0x5dc
                0x00000000000005dd                __UCA0ICTL_H = 0x5dd
                0x00000000000005dc                __UCA0ICTL = 0x5dc
                0x00000000000005de                __UCA0IV = 0x5de
                0x00000000000005e0                __UCB0CTLW0_L = 0x5e0
                0x00000000000005e1                __UCB0CTLW0_H = 0x5e1
                0x00000000000005e0                __UCB0CTLW0 = 0x5e0
                0x00000000000005e6                __UCB0BRW_L = 0x5e6
                0x00000000000005e7                __UCB0BRW_H = 0x5e7
                0x00000000000005e6                __UCB0BRW = 0x5e6
                0x00000000000005ea                __UCB0STAT = 0x5ea
                0x00000000000005ec                __UCB0RXBUF = 0x5ec
                0x00000000000005ee                __UCB0TXBUF = 0x5ee
                0x00000000000005f0                __UCB0I2COA_L = 0x5f0
                0x00000000000005f1                __UCB0I2COA_H = 0x5f1
                0x00000000000005f0                __UCB0I2COA = 0x5f0
                0x00000000000005f2                __UCB0I2CSA_L = 0x5f2
                0x00000000000005f3                __UCB0I2CSA_H = 0x5f3
                0x00000000000005f2                __UCB0I2CSA = 0x5f2
                0x00000000000005fc                __UCB0ICTL_L = 0x5fc
                0x00000000000005fd                __UCB0ICTL_H = 0x5fd
                0x00000000000005fc                __UCB0ICTL = 0x5fc
                0x00000000000005fe                __UCB0IV = 0x5fe
                0x000000000000015c                __WDTCTL_L = 0x15c
                0x000000000000015d                __WDTCTL_H = 0x15d
                0x000000000000015c                __WDTCTL = 0x15c

.hash
 *(.hash)

.dynsym
 *(.dynsym)

.dynstr
 *(.dynstr)

.gnu.version
 *(.gnu.version)

.gnu.version_d
 *(.gnu.version_d)

.gnu.version_r
 *(.gnu.version_r)

.rel.init
 *(.rel.init)

.rela.init
 *(.rela.init)

.rel.fini
 *(.rel.fini)

.rela.fini
 *(.rela.fini)

.rel.text
 *(.rel.text .rel.text.* .rel.gnu.linkonce.t.*)

.rela.text
 *(.rela.text .rela.text.* .rela.gnu.linkonce.t.*)

.rel.rodata
 *(.rel.rodata .rel.rodata.* .rel.gnu.linkonce.r.*)

.rela.rodata
 *(.rela.rodata .rela.rodata.* .rela.gnu.linkonce.r.*)

.rel.data
 *(.rel.data .rel.data.* .rel.gnu.linkonce.d.*)

.rela.data
 *(.rela.data .rela.data.* .rela.gnu.linkonce.d.*)

.rel.bss
 *(.rel.bss .rel.bss.* .rel.gnu.linkonce.b.*)

.rela.bss
 *(.rela.bss .rela.bss.* .rela.gnu.linkonce.b.*)

.rel.ctors
 *(.rel.ctors)

.rela.ctors
 *(.rela.ctors)

.rel.dtors
 *(.rel.dtors)

.rela.dtors
 *(.rela.dtors)

.rel.got
 *(.rel.got)

.rela.got
 *(.rela.got)

.rel.plt
 *(.rel.plt)

.rela.plt
 *(.rela.plt)

.text           0x0000000000008000     0x21f0
                0x0000000000008000                . = ALIGN (0x2)
 *(.init .init.*)
 *(.init0)
 .init0         0x0000000000008000        0x0 /usr/lib/gcc/msp430/4.6.3/libcrt0.a(_reset_vector__.o)
                0x0000000000008000                _reset_vector__
 *(.init1)
 .init1         0x0000000000008000       0x40 build/machine/system.o
                0x0000000000008000                _Z15check_wdt_resetv
 .init1         0x0000000000008040        0xc /usr/lib/gcc/msp430/4.6.3/libcrt0.a(__watchdog_support.o)
                0x0000000000008040                __watchdog_support
 *(.init2)
 .init2         0x000000000000804c        0x4 /usr/lib/gcc/msp430/4.6.3/libcrt0.a(__init_stack.o)
                0x000000000000804c                __init_stack
 *(.init3)
 .init3         0x0000000000008050        0x0 /usr/lib/gcc/msp430/4.6.3/libcrt0.a(__low_level_init.o)
                0x0000000000008050                __low_level_init
 *(.init4)
 .init4         0x0000000000008050       0x18 /usr/lib/gcc/msp430/4.6.3/libcrt0.a(_copy_data.o)
                0x0000000000008050                __do_copy_data
 .init4         0x0000000000008068       0x16 /usr/lib/gcc/msp430/4.6.3/libcrt0.a(_clear_bss.o)
                0x0000000000008068                __do_clear_bss
 *(.init5)
 *(.init6)
 .init6         0x000000000000807e       0x14 /usr/lib/gcc/msp430/4.6.3/libcrt0.a(_ctors430.o)
                0x000000000000807e                __do_global_ctors
 *(.init7)
 *(.init8)
 *(.init9)
 .init9         0x0000000000008092       0x48 build/main.o
                0x0000000000008092                main
 *(.fini9)
 .fini9         0x00000000000080da        0x0 /usr/lib/gcc/msp430/4.6.3/libcrt0.a(__stop_progExec__.o)
                0x00000000000080da                __stop_progExec__
 *(.fini8)
 *(.fini7)
 *(.fini6)
 .fini6         0x00000000000080da       0x14 /usr/lib/gcc/msp430/4.6.3/libcrt0.a(_dtors430.o)
                0x00000000000080da                __do_global_dtors
 *(.fini5)
 *(.fini4)
 *(.fini3)
 *(.fini2)
 *(.fini1)
 *(.fini0)
 .fini0         0x00000000000080ee        0x6 /usr/lib/gcc/msp430/4.6.3/libcrt0.a(_endless_loop__.o)
                0x00000000000080ee                _endless_loop__
 *(.fini .fini.*)
                0x00000000000080f4                . = ALIGN (0x2)
                0x00000000000080f4                __ctors_start = .
 *(.ctors)
 .ctors         0x00000000000080f4        0x2 build/device/panic.o
 .ctors         0x00000000000080f6        0x2 build/device/plugbox.o
 .ctors         0x00000000000080f8        0x2 build/guard/guard.o
 .ctors         0x00000000000080fa        0x2 build/machine/lcd.o
 .ctors         0x00000000000080fc        0x2 build/machine/standby.o
 .ctors         0x00000000000080fe        0x2 build/main.o
 .ctors         0x0000000000008100        0x2 build/meeting/bellringer.o
 .ctors         0x0000000000008102        0x2 build/syscall/guarded_organizer.o
 .ctors         0x0000000000008104        0x2 build/syscall/guarded_radio.o
 .ctors         0x0000000000008106        0x2 build/user/userthread.o
                0x0000000000008108                __ctors_end = .
                0x0000000000008108                __dtors_start = .
 *(.dtors)
 .dtors         0x0000000000008108        0x2 build/syscall/guarded_radio.o
 .dtors         0x000000000000810a        0x2 build/user/userthread.o
                0x000000000000810c                __dtors_end = .
                0x000000000000810c                . = ALIGN (0x2)
 *(.text .text.* .gnu.linkonce.t.*)
 .text          0x000000000000810c        0x4 /usr/lib/gcc/msp430/4.6.3/crt0ivtbl64.o
                0x000000000000810c                __isr_37
                0x000000000000810c                __isr_33
                0x000000000000810c                __isr_32
                0x000000000000810c                __isr_42
                0x000000000000810c                __isr_39
                0x000000000000810c                __isr_41
                0x000000000000810c                __isr_36
                0x000000000000810c                __isr_34
                0x000000000000810c                __isr_44
                0x000000000000810c                __isr_43
                0x000000000000810c                __isr_38
                0x000000000000810c                __isr_35
                0x000000000000810c                __isr_40
 .text._ZN4Gate8epilogueEv
                0x0000000000008110        0x2 build/device/panic.o
                0x0000000000008110                _ZN4Gate8epilogueEv
 .text._ZN5Panic5panicEj
                0x0000000000008112       0x12 build/device/panic.o
                0x0000000000008112                _ZN5Panic5panicEj
 .text._ZN5Panic8prologueEv
                0x0000000000008124        0xa build/device/panic.o
                0x0000000000008124                _ZN5Panic8prologueEv
 .text.startup._GLOBAL__sub_I_panic
                0x000000000000812e        0xc build/device/panic.o
 .text._ZN7PlugboxC2Ev
                0x000000000000813a       0x16 build/device/plugbox.o
                0x000000000000813a                _ZN7PlugboxC2Ev
                0x000000000000813a                _ZN7PlugboxC1Ev
 .text._ZN7Plugbox6assignEjR4Gate
                0x0000000000008150       0x10 build/device/plugbox.o
                0x0000000000008150                _ZN7Plugbox6assignEjR4Gate
 .text._ZN7Plugbox6reportEj
                0x0000000000008160       0x14 build/device/plugbox.o
                0x0000000000008160                _ZN7Plugbox6reportEj
 .text.startup._GLOBAL__sub_I_plugbox
                0x0000000000008174        0xa build/device/plugbox.o
 .text._ZN5Watch8epilogueEv
                0x000000000000817e       0x16 build/device/watch.o
                0x000000000000817e                _ZN5Watch8epilogueEv
 .text._ZN5WatchC2Em
                0x0000000000008194       0x16 build/device/watch.o
                0x0000000000008194                _ZN5WatchC1Em
                0x0000000000008194                _ZN5WatchC2Em
 .text._ZN5Watch6windupEv
                0x00000000000081aa        0x6 build/device/watch.o
                0x00000000000081aa                _ZN5Watch6windupEv
 .text.delay_us
                0x00000000000081b0        0x6 build/device/watch.o
                0x00000000000081b0                delay_us
 .text._ZN5Guard5leaveEv
                0x00000000000081b6       0x4e build/guard/guard.o
                0x00000000000081b6                _ZN5Guard5leaveEv
 .text._ZN5Guard5relayEP4Gate
                0x0000000000008204       0x36 build/guard/guard.o
                0x0000000000008204                _ZN5Guard5relayEP4Gate
 .text.startup._GLOBAL__sub_I_guard
                0x000000000000823a       0x16 build/guard/guard.o
 .text.guardian
                0x0000000000008250       0x38 build/guard/guardian.o
                0x0000000000008250                guardian
 .text._ZN3LCDC2Ev
                0x0000000000008288       0x2a build/machine/lcd.o
                0x0000000000008288                _ZN3LCDC2Ev
                0x0000000000008288                _ZN3LCDC1Ev
 .text._ZN3LCD5clearEv
                0x00000000000082b2        0x8 build/machine/lcd.o
                0x00000000000082b2                _ZN3LCD5clearEv
 .text._ZN3LCD10show_digitEjjb
                0x00000000000082ba      0x138 build/machine/lcd.o
                0x00000000000082ba                _ZN3LCD10show_digitEjjb
 .text._ZN3LCD11show_numberElb
                0x00000000000083f2       0x88 build/machine/lcd.o
                0x00000000000083f2                _ZN3LCD11show_numberElb
 .text._ZN3LCD9show_charEcjb
                0x000000000000847a      0x296 build/machine/lcd.o
                0x000000000000847a                _ZN3LCD9show_charEcjb
 .text.startup._GLOBAL__sub_I_lcd
                0x0000000000008710        0xa build/machine/lcd.o
 .text._ZN5Radio8epilogueEv
                0x000000000000871a        0x8 build/machine/radio.o
                0x000000000000871a                _ZN5Radio8epilogueEv
 .text._ZN5Radio8prologueEv
                0x0000000000008722        0xe build/machine/radio.o
                0x0000000000008722                _ZN5Radio8prologueEv
 .text._ZN11StandbyMode8prologueEv
                0x0000000000008730       0x4c build/machine/standby.o
                0x0000000000008730                _ZN11StandbyMode8prologueEv
 .text._ZN11StandbyMode8activateEv
                0x000000000000877c       0x9c build/machine/standby.o
                0x000000000000877c                _ZN11StandbyMode8activateEv
 .text.startup._GLOBAL__sub_I_standbyMode
                0x0000000000008818       0x18 build/machine/standby.o
 .text._ZL14vcore_increasej
                0x0000000000008830       0x46 build/machine/system.o
 .text._Z15system_call_bslv
                0x0000000000008876       0x26 build/machine/system.o
                0x0000000000008876                _Z15system_call_bslv
 .text._Z11system_initv
                0x000000000000889c       0x7e build/machine/system.o
                0x000000000000889c                _Z11system_initv
 .text._ZN5Timer8prologueEv
                0x000000000000891a       0x10 build/machine/timer.o
                0x000000000000891a                _ZN5Timer8prologueEv
 .text._ZN5TimerC2Em
                0x000000000000892a       0x2a build/machine/timer.o
                0x000000000000892a                _ZN5TimerC1Em
                0x000000000000892a                _ZN5TimerC2Em
 .text._ZN5Timer6pluginEv
                0x0000000000008954       0x46 build/machine/timer.o
                0x0000000000008954                _ZN5Timer6pluginEv
 .text._ZN5Timer8delay_usEj
                0x000000000000899a       0x16 build/machine/timer.o
                0x000000000000899a                _ZN5Timer8delay_usEj
 .text.startup._GLOBAL__sub_I_watch
                0x00000000000089b0       0x10 build/main.o
 .text._ZN10Bellringer5checkEv
                0x00000000000089c0       0x44 build/meeting/bellringer.o
                0x00000000000089c0                _ZN10Bellringer5checkEv
 .text._ZN10Bellringer3jobEP4Belli
                0x0000000000008a04       0x80 build/meeting/bellringer.o
                0x0000000000008a04                _ZN10Bellringer3jobEP4Belli
 .text._ZN10Bellringer6cancelEP4Bell
                0x0000000000008a84       0x44 build/meeting/bellringer.o
                0x0000000000008a84                _ZN10Bellringer6cancelEP4Bell
 .text.startup._GLOBAL__sub_I_bellringer
                0x0000000000008ac8        0xe build/meeting/bellringer.o
 .text._ZThn6_N6Buzzer4ringEv
                0x0000000000008ad6        0xa build/meeting/buzzer.o
                0x0000000000008ad6                _ZThn6_N6Buzzer4ringEv
 .text._ZN6Buzzer4ringEv
                0x0000000000008ae0       0x26 build/meeting/buzzer.o
                0x0000000000008ae0                _ZN6Buzzer4ringEv
 .text._ZN6Buzzer6removeEP8Customer
                0x0000000000008b06       0x20 build/meeting/buzzer.o
                0x0000000000008b06                _ZN6Buzzer6removeEP8Customer
 .text._ZN6Buzzer5clearEv
                0x0000000000008b26       0x1c build/meeting/buzzer.o
                0x0000000000008b26                _ZN6Buzzer5clearEv
 .text._ZN6Buzzer3setEj
                0x0000000000008b42       0x2a build/meeting/buzzer.o
                0x0000000000008b42                _ZN6Buzzer3setEj
 .text._ZN6Buzzer5sleepEv
                0x0000000000008b6c       0x44 build/meeting/buzzer.o
                0x0000000000008b6c                _ZN6Buzzer5sleepEv
 .text._ZN9Semaphore1vEv
                0x0000000000008bb0       0x28 build/meeting/semaphore.o
                0x0000000000008bb0                _ZN9Semaphore1vEv
 .text._ZN11Waitingroom6removeEP8Customer
                0x0000000000008bd8       0x14 build/meeting/waitingroom.o
                0x0000000000008bd8                _ZN11Waitingroom6removeEP8Customer
 .text._ZN11Waitingroom5clearEv
                0x0000000000008bec       0x26 build/meeting/waitingroom.o
                0x0000000000008bec                _ZN11Waitingroom5clearEv
 .text.__cxa_pure_virtual
                0x0000000000008c12        0xe build/object/cpp_helpers.o
                0x0000000000008c12                __cxa_pure_virtual
 .text._ZN4List12insert_firstEP5Chain
                0x0000000000008c20       0x1c build/object/list.o
                0x0000000000008c20                _ZN4List12insert_firstEP5Chain
 .text._ZN4List12insert_afterEP5ChainS1_
                0x0000000000008c3c        0xa build/object/list.o
                0x0000000000008c3c                _ZN4List12insert_afterEP5ChainS1_
 .text._ZN5Queue7enqueueEP5Chain
                0x0000000000008c46       0x12 build/object/queue.o
                0x0000000000008c46                _ZN5Queue7enqueueEP5Chain
 .text._ZN5Queue7dequeueEv
                0x0000000000008c58       0x1e build/object/queue.o
                0x0000000000008c58                _ZN5Queue7dequeueEv
 .text._ZN5Queue6removeEP5Chain
                0x0000000000008c76       0x36 build/object/queue.o
                0x0000000000008c76                _ZN5Queue6removeEP5Chain
 .text._ZN6SecureC1Ev.isra.2
                0x0000000000008cac       0x18 build/syscall/guarded_buzzer.o
 .text._ZN14Guarded_BuzzerD2Ev
                0x0000000000008cc4       0x32 build/syscall/guarded_buzzer.o
                0x0000000000008cc4                _ZN14Guarded_BuzzerD2Ev
                0x0000000000008cc4                _ZN14Guarded_BuzzerD1Ev
 .text._ZN14Guarded_Buzzer3setEj
                0x0000000000008cf6       0x24 build/syscall/guarded_buzzer.o
                0x0000000000008cf6                _ZN14Guarded_Buzzer3setEj
 .text._ZN14Guarded_Buzzer5sleepEv
                0x0000000000008d1a       0x1c build/syscall/guarded_buzzer.o
                0x0000000000008d1a                _ZN14Guarded_Buzzer5sleepEv
 .text.startup._GLOBAL__sub_I_organizer
                0x0000000000008d36       0x1e build/syscall/guarded_organizer.o
 .text._Z41__static_initialization_and_destruction_0ii.constprop.2
                0x0000000000008d54       0x38 build/syscall/guarded_radio.o
 .text.startup._GLOBAL__sub_I_radio
                0x0000000000008d8c        0x8 build/syscall/guarded_radio.o
 .text.exit._GLOBAL__sub_D_radio
                0x0000000000008d94        0x8 build/syscall/guarded_radio.o
 .text._ZN6SecureC1Ev.isra.2
                0x0000000000008d9c       0x18 build/syscall/guarded_semaphore.o
 .text._ZN17Guarded_SemaphoreD2Ev
                0x0000000000008db4       0x26 build/syscall/guarded_semaphore.o
                0x0000000000008db4                _ZN17Guarded_SemaphoreD1Ev
                0x0000000000008db4                _ZN17Guarded_SemaphoreD2Ev
 .text._ZN9CoroutineC2EPv
                0x0000000000008dda       0x14 build/thread/coroutine.o
                0x0000000000008dda                _ZN9CoroutineC2EPv
                0x0000000000008dda                _ZN9CoroutineC1EPv
 .text._ZN9Coroutine2goEv
                0x0000000000008dee        0x8 build/thread/coroutine.o
                0x0000000000008dee                _ZN9Coroutine2goEv
 .text._ZN9Coroutine6resumeERS_
                0x0000000000008df6        0xa build/thread/coroutine.o
                0x0000000000008df6                _ZN9Coroutine6resumeERS_
 .text._ZN10Dispatcher2goER9Coroutine
                0x0000000000008e00        0xc build/thread/dispatch.o
                0x0000000000008e00                _ZN10Dispatcher2goER9Coroutine
 .text._ZN10Dispatcher8dispatchER9Coroutine
                0x0000000000008e0c        0xe build/thread/dispatch.o
                0x0000000000008e0c                _ZN10Dispatcher8dispatchER9Coroutine
 .text.kickoff  0x0000000000008e1a       0x16 build/thread/kickoff.o
                0x0000000000008e1a                kickoff
 .text._ZN9Organizer5blockER8CustomerR11Waitingroom
                0x0000000000008e30        0xa build/thread/organizer.o
                0x0000000000008e30                _ZN9Organizer5blockER8CustomerR11Waitingroom
 .text._ZN9Organizer6wakeupER8Customer
                0x0000000000008e3a        0xa build/thread/organizer.o
                0x0000000000008e3a                _ZN9Organizer6wakeupER8Customer
 .text._ZN9Scheduler5readyER7Entrant
                0x0000000000008e44       0x16 build/thread/scheduler.o
                0x0000000000008e44                _ZN9Scheduler5readyER7Entrant
 .text._ZN9Scheduler8scheduleEv
                0x0000000000008e5a       0x26 build/thread/scheduler.o
                0x0000000000008e5a                _ZN9Scheduler8scheduleEv
 .text._ZN9Scheduler4exitEv
                0x0000000000008e80       0x9e build/thread/scheduler.o
                0x0000000000008e80                _ZN9Scheduler4exitEv
 .text._ZN9Scheduler6resumeEv
                0x0000000000008f1e       0x42 build/thread/scheduler.o
                0x0000000000008f1e                _ZN9Scheduler6resumeEv
 .text._ZN10UserThread6actionEv
                0x0000000000008f60       0x44 build/user/userthread.o
                0x0000000000008f60                _ZN10UserThread6actionEv
 .text._Z41__static_initialization_and_destruction_0ii.constprop.2
                0x0000000000008fa4       0x4e build/user/userthread.o
 .text.startup._GLOBAL__sub_I_userthread
                0x0000000000008ff2        0x8 build/user/userthread.o
 .text.exit._GLOBAL__sub_D_userthread
                0x0000000000008ffa        0x8 build/user/userthread.o
 .text          0x0000000000009002       0x30 build/machine/toc_asm.o
                0x0000000000009002                toc_go
                0x0000000000009006                toc_switch
                0x000000000000902e                toc_pop_parameter
 .text.Mrfi_DelayUsec
                0x0000000000009032       0x40 build/machine/simpliciti/mrfi/mrfi.o
 .text.MRFI_Receive
                0x0000000000009072        0xe build/machine/simpliciti/mrfi/mrfi.o
                0x0000000000009072                MRFI_Receive
 .text.MRFI_RandomByte
                0x0000000000009080       0x24 build/machine/simpliciti/mrfi/mrfi.o
                0x0000000000009080                MRFI_RandomByte
 .text.MRFI_PostKillSem
                0x00000000000090a4        0xe build/machine/simpliciti/mrfi/mrfi.o
                0x00000000000090a4                MRFI_PostKillSem
 .text.mrfiRadioInterfaceReadReg
                0x00000000000090b2       0x46 build/machine/simpliciti/mrfi/mrfi.o
                0x00000000000090b2                mrfiRadioInterfaceReadReg
 .text.mrfiRadioInterfaceWriteReg
                0x00000000000090f8       0x38 build/machine/simpliciti/mrfi/mrfi.o
                0x00000000000090f8                mrfiRadioInterfaceWriteReg
 .text.mrfiRadioInterfaceCmdStrobe
                0x0000000000009130       0x9a build/machine/simpliciti/mrfi/mrfi.o
                0x0000000000009130                mrfiRadioInterfaceCmdStrobe
 .text.Mrfi_RxModeOff
                0x00000000000091ca       0x2c build/machine/simpliciti/mrfi/mrfi.o
 .text.Mrfi_RxModeOn
                0x00000000000091f6       0x16 build/machine/simpliciti/mrfi/mrfi.o
 .text.mrfiRadioInterfaceWriteTxFifo
                0x000000000000920c       0x38 build/machine/simpliciti/mrfi/mrfi.o
                0x000000000000920c                mrfiRadioInterfaceWriteTxFifo
 .text.MRFI_Transmit
                0x0000000000009244       0xf0 build/machine/simpliciti/mrfi/mrfi.o
                0x0000000000009244                MRFI_Transmit
 .text.mrfiRadioInterfaceReadRxFifo
                0x0000000000009334       0x78 build/machine/simpliciti/mrfi/mrfi.o
                0x0000000000009334                mrfiRadioInterfaceReadRxFifo
 .text.MRFI_RadioIsr
                0x00000000000093ac      0x1b0 build/machine/simpliciti/mrfi/mrfi.o
                0x00000000000093ac                MRFI_RadioIsr
 .text.nwk_getNextConnection
                0x000000000000955c       0x82 build/machine/simpliciti/nwk/nwk.o
                0x000000000000955c                nwk_getNextConnection
 .text.nwk_freeConnection
                0x00000000000095de        0x6 build/machine/simpliciti/nwk/nwk.o
                0x00000000000095de                nwk_freeConnection
 .text.nwk_isLinkDuplicate
                0x00000000000095e4       0x40 build/machine/simpliciti/nwk/nwk.o
                0x00000000000095e4                nwk_isLinkDuplicate
 .text.nwk_isConnectionValid
                0x0000000000009624       0x62 build/machine/simpliciti/nwk/nwk.o
                0x0000000000009624                nwk_isConnectionValid
 .text.nwk_allocateLocalRxPort
                0x0000000000009686       0xd8 build/machine/simpliciti/nwk/nwk.o
                0x0000000000009686                nwk_allocateLocalRxPort
 .text.nwk_isValidReply
                0x000000000000975e       0x3e build/machine/simpliciti/nwk/nwk.o
                0x000000000000975e                nwk_isValidReply
 .text.nwk_getNumObjectFromMsg
                0x000000000000979c        0xe build/machine/simpliciti/nwk/nwk.o
                0x000000000000979c                nwk_getNumObjectFromMsg
 .text.nwk_QadjustOrder
                0x00000000000097aa       0x3e build/machine/simpliciti/nwk/nwk_QMgmt.o
                0x00000000000097aa                nwk_QadjustOrder
 .text.nwk_QfindSlot
                0x00000000000097e8       0x84 build/machine/simpliciti/nwk/nwk_QMgmt.o
                0x00000000000097e8                nwk_QfindSlot
 .text.nwk_buildFrame
                0x000000000000986c       0x90 build/machine/simpliciti/nwk/nwk_frame.o
                0x000000000000986c                nwk_buildFrame
 .text.MRFI_RxCompleteISR
                0x00000000000098fc       0x98 build/machine/simpliciti/nwk/nwk_frame.o
                0x00000000000098fc                MRFI_RxCompleteISR
 .text.nwk_sendFrame
                0x0000000000009994       0x30 build/machine/simpliciti/nwk/nwk_frame.o
                0x0000000000009994                nwk_sendFrame
 .text.nwk_getMyRxType
                0x00000000000099c4        0x4 build/machine/simpliciti/nwk/nwk_frame.o
                0x00000000000099c4                nwk_getMyRxType
 .text.nwk_getMyAddress
                0x00000000000099c8       0x12 build/machine/simpliciti/nwk/nwk_globals.o
                0x00000000000099c8                nwk_getMyAddress
 .text.nwk_getProtocolVersion
                0x00000000000099da        0x4 build/machine/simpliciti/nwk/nwk_globals.o
                0x00000000000099da                nwk_getProtocolVersion
 .text.nwk_processFreq
                0x00000000000099de        0x4 build/machine/simpliciti/nwk_applications/nwk_freq.o
                0x00000000000099de                nwk_processFreq
 .text.nwk_processJoin
                0x00000000000099e2       0x1c build/machine/simpliciti/nwk_applications/nwk_join.o
                0x00000000000099e2                nwk_processJoin
 .text.nwk_processLink
                0x00000000000099fe      0x196 build/machine/simpliciti/nwk_applications/nwk_link.o
                0x00000000000099fe                nwk_processLink
 .text.nwk_processMgmt
                0x0000000000009b94       0x36 build/machine/simpliciti/nwk_applications/nwk_mgmt.o
                0x0000000000009b94                nwk_processMgmt
 .text.nwk_processPing
                0x0000000000009bca       0x66 build/machine/simpliciti/nwk_applications/nwk_ping.o
                0x0000000000009bca                nwk_processPing
 .text.nwk_processSecurity
                0x0000000000009c30        0x4 build/machine/simpliciti/nwk_applications/nwk_security.o
                0x0000000000009c30                nwk_processSecurity
 .text.toc_settle
                0x0000000000009c34       0x2c build/machine/toc.o
                0x0000000000009c34                toc_settle
 .text.wrapper_AES_VECTOR
                0x0000000000009c60       0x1e build/machine/wrapper.o
                0x0000000000009c60                wrapper_AES_VECTOR
                0x0000000000009c60                __isr_45
 .text.wrapper_RTC_VECTOR
                0x0000000000009c7e       0x1e build/machine/wrapper.o
                0x0000000000009c7e                __isr_46
                0x0000000000009c7e                wrapper_RTC_VECTOR
 .text.wrapper_LCD_B_VECTOR
                0x0000000000009c9c       0x1e build/machine/wrapper.o
                0x0000000000009c9c                __isr_47
                0x0000000000009c9c                wrapper_LCD_B_VECTOR
 .text.wrapper_PORT2_VECTOR
                0x0000000000009cba       0x20 build/machine/wrapper.o
                0x0000000000009cba                wrapper_PORT2_VECTOR
                0x0000000000009cba                __isr_48
 .text.wrapper_PORT1_VECTOR
                0x0000000000009cda       0x1e build/machine/wrapper.o
                0x0000000000009cda                __isr_49
                0x0000000000009cda                wrapper_PORT1_VECTOR
 .text.wrapper_TIMER1_A1_VECTOR
                0x0000000000009cf8       0x20 build/machine/wrapper.o
                0x0000000000009cf8                wrapper_TIMER1_A1_VECTOR
                0x0000000000009cf8                __isr_50
 .text.wrapper_TIMER1_A0_VECTOR
                0x0000000000009d18       0x20 build/machine/wrapper.o
                0x0000000000009d18                __isr_51
                0x0000000000009d18                wrapper_TIMER1_A0_VECTOR
 .text.wrapper_DMA_VECTOR
                0x0000000000009d38       0x20 build/machine/wrapper.o
                0x0000000000009d38                wrapper_DMA_VECTOR
                0x0000000000009d38                __isr_52
 .text.wrapper_CC1101_VECTOR
                0x0000000000009d58       0x1e build/machine/wrapper.o
                0x0000000000009d58                __isr_53
                0x0000000000009d58                wrapper_CC1101_VECTOR
 .text.wrapper_TIMER0_A1_VECTOR
                0x0000000000009d76       0x20 build/machine/wrapper.o
                0x0000000000009d76                __isr_54
                0x0000000000009d76                wrapper_TIMER0_A1_VECTOR
 .text.wrapper_TIMER0_A0_VECTOR
                0x0000000000009d96       0x20 build/machine/wrapper.o
                0x0000000000009d96                wrapper_TIMER0_A0_VECTOR
                0x0000000000009d96                __isr_55
 .text.wrapper_ADC12_VECTOR
                0x0000000000009db6       0x20 build/machine/wrapper.o
                0x0000000000009db6                wrapper_ADC12_VECTOR
                0x0000000000009db6                __isr_56
 .text.wrapper_USCI_B0_VECTOR
                0x0000000000009dd6       0x20 build/machine/wrapper.o
                0x0000000000009dd6                __isr_57
                0x0000000000009dd6                wrapper_USCI_B0_VECTOR
 .text.wrapper_USCI_A0_VECTOR
                0x0000000000009df6       0x20 build/machine/wrapper.o
                0x0000000000009df6                wrapper_USCI_A0_VECTOR
                0x0000000000009df6                __isr_58
 .text.wrapper_WDT_VECTOR
                0x0000000000009e16       0x20 build/machine/wrapper.o
                0x0000000000009e16                __isr_59
                0x0000000000009e16                wrapper_WDT_VECTOR
 .text.wrapper_COMP_B_VECTOR
                0x0000000000009e36       0x20 build/machine/wrapper.o
                0x0000000000009e36                __isr_60
                0x0000000000009e36                wrapper_COMP_B_VECTOR
 .text.wrapper_UNMI_VECTOR
                0x0000000000009e56       0x20 build/machine/wrapper.o
                0x0000000000009e56                wrapper_UNMI_VECTOR
                0x0000000000009e56                __isr_61
 .text.wrapper_SYSNMI_VECTOR
                0x0000000000009e76       0x20 build/machine/wrapper.o
                0x0000000000009e76                wrapper_SYSNMI_VECTOR
                0x0000000000009e76                __isr_62
 .text.libgcc   0x0000000000009e96       0x2c /usr/lib/gcc/msp430/4.6.3/libgcc.a(_mulsi3.o)
                0x0000000000009e96                __mulsi3
 .text.libgcc   0x0000000000009ec2       0x22 /usr/lib/gcc/msp430/4.6.3/libgcc.a(_udivmod16.o)
                0x0000000000009ec2                __udivhi3
                0x0000000000009ec2                __ext_udivmod16
                0x0000000000009edc                __umodhi3
 .text.libgcc   0x0000000000009ee4       0x40 /usr/lib/gcc/msp430/4.6.3/libgcc.a(_udivmod32.o)
                0x0000000000009ee4                __udivsi3
                0x0000000000009ee4                __ext_udivmod32
                0x0000000000009f1a                __umodsi3
 .text.libgcc   0x0000000000009f24       0x4c /usr/lib/gcc/msp430/4.6.3/libgcc.a(_divmod32.o)
                0x0000000000009f24                __ext_divmod32
                0x0000000000009f24                __divsi3
                0x0000000000009f66                __modsi3
 .text          0x0000000000009f70       0x20 /usr/lib/gcc/msp430/4.6.3/../../../../msp430/lib/libc.a(memcmp.o)
                0x0000000000009f70                memcmp
 .text          0x0000000000009f90       0xfa /usr/lib/gcc/msp430/4.6.3/../../../../msp430/lib/libc.a(memcpy.o)
                0x0000000000009f90                memcpy
 .text          0x000000000000a08a       0xfa /usr/lib/gcc/msp430/4.6.3/../../../../msp430/lib/libc.a(memmove.o)
                0x000000000000a08a                memmove
 .text          0x000000000000a184       0x6a /usr/lib/gcc/msp430/4.6.3/../../../../msp430/lib/libc.a(memset.o)
                0x000000000000a184                memset
 .text.crt0     0x000000000000a1ee        0x2 /usr/lib/gcc/msp430/4.6.3/libcrt0.a(_unexpected_.o)
                0x000000000000a1ee                _unexpected_
                0x000000000000a1f0                . = ALIGN (0x2)

.rodata         0x000000000000a1f0      0x11e
                0x000000000000a1f0                . = ALIGN (0x2)
 *(.rodata .rodata.* .gnu.linkonce.r.*)
 .rodata        0x000000000000a1f0        0x8 build/device/panic.o
                0x000000000000a1f0                _ZTV5Panic
 .rodata        0x000000000000a1f8        0x8 build/device/watch.o
                0x000000000000a1f8                _ZTV5Watch
 .rodata        0x000000000000a200       0x88 build/machine/lcd.o
 .rodata        0x000000000000a288        0x8 build/machine/radio.o
                0x000000000000a288                _ZTV5Radio
 .rodata        0x000000000000a290       0x10 build/machine/standby.o
                0x000000000000a290                _ZTV11StandbyMode
                0x000000000000a298                _ZTV4Gate
 .rodata        0x000000000000a2a0       0x10 build/machine/timer.o
                0x000000000000a2a0                _ZTV5Timer
 .rodata        0x000000000000a2b0        0xe build/meeting/buzzer.o
                0x000000000000a2b0                _ZTV6Buzzer
 .rodata        0x000000000000a2be        0x6 build/meeting/waitingroom.o
                0x000000000000a2be                _ZTV11Waitingroom
 .rodata        0x000000000000a2c4        0xe build/syscall/guarded_buzzer.o
                0x000000000000a2c4                _ZTV14Guarded_Buzzer
 .rodata        0x000000000000a2d2        0xe build/syscall/guarded_radio.o
                0x000000000000a2d2                _ZTV17Guarded_Semaphore
                0x000000000000a2d8                _ZTV13Guarded_Radio
 .rodata        0x000000000000a2e0        0x6 build/thread/coroutine.o
                0x000000000000a2e0                _ZTV9Coroutine
 .rodata        0x000000000000a2e6       0x14 build/user/userthread.o
                0x000000000000a2e6                _ZTV10UserThread
 .rodata.mrfiBroadcastAddr
                0x000000000000a2fa        0x4 build/machine/simpliciti/mrfi/mrfi.o
                0x000000000000a2fa                mrfiBroadcastAddr
 .rodata.func   0x000000000000a2fe        0xc build/machine/simpliciti/nwk/nwk_frame.o
 .rodata.sMyROMAddress
                0x000000000000a30a        0x4 build/machine/simpliciti/nwk/nwk_globals.o
                0x000000000000a30e                . = ALIGN (0x2)
                0x000000000000a30e                _etext = .

.data           0x0000000000001c00       0x30 load address 0x000000000000a30e
                0x0000000000001c00                . = ALIGN (0x2)
                0x0000000000001c00                PROVIDE (__data_start, .)
 *(.data .data.* .gnu.linkonce.d.*)
 .data.method   0x0000000000001c00        0x1 build/machine/simpliciti/mrfi/mrfi.o
                0x0000000000001c00                method
 .data.mrfiRxFilterAddr
                0x0000000000001c01        0x4 build/machine/simpliciti/mrfi/mrfi.o
 *fill*         0x0000000000001c05        0x1 00
 .data.sPersistInfo
                0x0000000000001c06       0x2a build/machine/simpliciti/nwk/nwk.o
                0x0000000000001c30                . = ALIGN (0x2)
                0x0000000000001c30                _edata = .
                0x000000000000a30e                PROVIDE (__data_load_start, LOADADDR (.data))
                0x0000000000000030                PROVIDE (__data_size, SIZEOF (.data))

.bss            0x0000000000001c30      0x326 load address 0x000000000000a33e
                0x0000000000001c30                PROVIDE (__bss_start, .)
 *(.bss .bss.*)
 .bss           0x0000000000001c30        0x6 build/device/panic.o
                0x0000000000001c30                panic
 .bss           0x0000000000001c36       0x24 build/device/plugbox.o
                0x0000000000001c36                plugbox
 .bss           0x0000000000001c5a        0x6 build/guard/guard.o
                0x0000000000001c5a                guard
 .bss           0x0000000000001c60        0x2 build/machine/lcd.o
                0x0000000000001c60                lcd
 .bss           0x0000000000001c62        0x2 build/machine/radio.o
                0x0000000000001c62                rxcallback
 .bss           0x0000000000001c64        0x6 build/machine/standby.o
                0x0000000000001c64                standbyMode
 .bss           0x0000000000001c6a        0xc build/main.o
                0x0000000000001c6a                watch
 .bss           0x0000000000001c76        0x4 build/meeting/bellringer.o
                0x0000000000001c76                bellringer
 .bss           0x0000000000001c7a        0x8 build/syscall/guarded_organizer.o
                0x0000000000001c7a                organizer
 .bss           0x0000000000001c82       0x10 build/syscall/guarded_radio.o
                0x0000000000001c82                radio
 .bss           0x0000000000001c92      0x218 build/user/userthread.o
                0x0000000000001c92                userthread
 .bss.sReplyDelayContext
                0x0000000000001eaa        0x1 build/machine/simpliciti/mrfi/mrfi.o
 .bss.sKillSem  0x0000000000001eab        0x1 build/machine/simpliciti/mrfi/mrfi.o
 .bss.mrfiIncomingPacket
                0x0000000000001eac       0x18 build/machine/simpliciti/mrfi/mrfi.o
 .bss.mrfiRndSeed
                0x0000000000001ec4        0x1 build/machine/simpliciti/mrfi/mrfi.o
 .bss.mrfiRadioState
                0x0000000000001ec5        0x1 build/machine/simpliciti/mrfi/mrfi.o
 .bss.sBackoffHelper
                0x0000000000001ec6        0x2 build/machine/simpliciti/mrfi/mrfi.o
 .bss.noFrame   0x0000000000001ec8        0x4 build/machine/simpliciti/mrfi/mrfi.o
 .bss.crcFail   0x0000000000001ecc        0x4 build/machine/simpliciti/mrfi/mrfi.o
 .bss.crcPass   0x0000000000001ed0        0x4 build/machine/simpliciti/mrfi/mrfi.o
 .bss.mrfiRxFilterEnabled
                0x0000000000001ed4        0x1 build/machine/simpliciti/mrfi/mrfi.o
 *fill*         0x0000000000001ed5        0x1 00
 .bss.sInFrameQ
                0x0000000000001ed6       0x34 build/machine/simpliciti/nwk/nwk_QMgmt.o
 .bss.sOutFrameQ
                0x0000000000001f0a       0x34 build/machine/simpliciti/nwk/nwk_QMgmt.o
 .bss.sMyTxType
                0x0000000000001f3e        0x1 build/machine/simpliciti/nwk/nwk_frame.o
 *fill*         0x0000000000001f3f        0x1 00
 .bss.spCallback
                0x0000000000001f40        0x2 build/machine/simpliciti/nwk/nwk_frame.o
 .bss.sMyAddr   0x0000000000001f42        0x2 build/machine/simpliciti/nwk/nwk_frame.o
 .bss.sTRACTID  0x0000000000001f44        0x1 build/machine/simpliciti/nwk/nwk_frame.o
 .bss.sRAMAddressIsSet
                0x0000000000001f45        0x1 build/machine/simpliciti/nwk/nwk_globals.o
 .bss.sMyRAMAddress
                0x0000000000001f46        0x4 build/machine/simpliciti/nwk/nwk_globals.o
 .bss.sTid      0x0000000000001f4a        0x1 build/machine/simpliciti/nwk_applications/nwk_join.o
 .bss.sTid      0x0000000000001f4b        0x1 build/machine/simpliciti/nwk_applications/nwk_link.o
 .bss.sNumLinkers
                0x0000000000001f4c        0x1 build/machine/simpliciti/nwk_applications/nwk_link.o
 .bss.sServiceLinkID
                0x0000000000001f4d        0x2 build/machine/simpliciti/nwk_applications/nwk_link.o
 .bss.sListenActive
                0x0000000000001f4f        0x1 build/machine/simpliciti/nwk_applications/nwk_link.o
 .bss.sLinkToken
                0x0000000000001f50        0x4 build/machine/simpliciti/nwk_applications/nwk_link.o
 .bss.sTid      0x0000000000001f54        0x1 build/machine/simpliciti/nwk_applications/nwk_mgmt.o
 .bss.sTid      0x0000000000001f55        0x1 build/machine/simpliciti/nwk_applications/nwk_ping.o
 *(COMMON)
                0x0000000000001f56                . = ALIGN (0x2)
                0x0000000000001f56                PROVIDE (__bss_end, .)
                0x0000000000000326                PROVIDE (__bss_size, SIZEOF (.bss))

.noinit         0x0000000000001f56        0x2 load address 0x000000000000a33e
                0x0000000000001f56                PROVIDE (__noinit_start, .)
 *(.noinit .noinit.*)
 .noinit.crt0   0x0000000000001f56        0x2 /usr/lib/gcc/msp430/4.6.3/libcrt0.a(__watchdog_support.o)
                0x0000000000001f56                __wdt_clear_value
                0x0000000000001f58                . = ALIGN (0x2)
                0x0000000000001f58                PROVIDE (__noinit_end, .)
                0x0000000000001f58                . = ALIGN (0x2)
                0x0000000000001f58                _end = .

.infomem        0x0000000000001800        0x0
 *(.infomem)
                0x0000000000001800                . = ALIGN (0x2)
 *(.infomem.*)

.infomemnobits  0x0000000000001800        0x0
 *(.infomemnobits)
                0x0000000000001800                . = ALIGN (0x2)
 *(.infomemnobits.*)

.infoa
 *(.infoa .infoa.*)

.infob
 *(.infob .infob.*)

.infoc
 *(.infoc .infoc.*)

.infod
 *(.infod .infod.*)

.vectors        0x000000000000ff80       0x80
                0x000000000000ff80                PROVIDE (__vectors_start, .)
 *(.vectors*)
 .vectors       0x000000000000ff80       0x80 /usr/lib/gcc/msp430/4.6.3/crt0ivtbl64.o
                0x000000000000ff80                __ivtbl_64
                0x0000000000010000                _vectors_end = .

.fartext        0x0000000000000000        0x0
                0x0000000000000000                . = ALIGN (0x2)
 *(.fartext)
                0x0000000000000000                . = ALIGN (0x2)
 *(.fartext.*)
                0x0000000000000000                _efartext = .

.profiler
 *(.profiler)

.stab           0x0000000000000000       0x90
 *(.stab)
 .stab          0x0000000000000000       0x90 build/machine/toc_asm.o

.stabstr        0x0000000000000000       0x23
 *(.stabstr)
 .stabstr       0x0000000000000000       0x23 build/machine/toc_asm.o

.stab.excl
 *(.stab.excl)

.stab.exclstr
 *(.stab.exclstr)

.stab.index
 *(.stab.index)

.stab.indexstr
 *(.stab.indexstr)

.comment
 *(.comment)

.debug
 *(.debug)

.line
 *(.line)

.debug_srcinfo
 *(.debug_srcinfo)

.debug_sfnames
 *(.debug_sfnames)

.debug_aranges  0x0000000000000000      0x7b0
 *(.debug_aranges)
 .debug_aranges
                0x0000000000000000       0x24 build/device/panic.o
 .debug_aranges
                0x0000000000000024       0x20 build/device/plugbox.o
 .debug_aranges
                0x0000000000000044       0x20 build/device/watch.o
 .debug_aranges
                0x0000000000000064       0x20 build/guard/guard.o
 .debug_aranges
                0x0000000000000084       0x14 build/guard/guardian.o
 .debug_aranges
                0x0000000000000098       0x1c build/machine/buttons.o
 .debug_aranges
                0x00000000000000b4       0x28 build/machine/lcd.o
 .debug_aranges
                0x00000000000000dc       0x50 build/machine/radio.o
 .debug_aranges
                0x000000000000012c       0x24 build/machine/standby.o
 .debug_aranges
                0x0000000000000150       0x24 build/machine/system.o
 .debug_aranges
                0x0000000000000174       0x30 build/machine/timer.o
 .debug_aranges
                0x00000000000001a4       0x18 build/main.o
 .debug_aranges
                0x00000000000001bc       0x20 build/meeting/bellringer.o
 .debug_aranges
                0x00000000000001dc       0x28 build/meeting/buzzer.o
 .debug_aranges
                0x0000000000000204       0x18 build/meeting/semaphore.o
 .debug_aranges
                0x000000000000021c       0x18 build/meeting/waitingroom.o
 .debug_aranges
                0x0000000000000234       0x1c build/object/cpp_helpers.o
 .debug_aranges
                0x0000000000000250       0x18 build/object/list.o
 .debug_aranges
                0x0000000000000268       0x1c build/object/queue.o
 .debug_aranges
                0x0000000000000284       0x20 build/syscall/guarded_buzzer.o
 .debug_aranges
                0x00000000000002a4       0x28 build/syscall/guarded_organizer.o
 .debug_aranges
                0x00000000000002cc       0x20 build/syscall/guarded_radio.o
 .debug_aranges